Adjacency matrix:
A B C D F 
0 0 0 0 0 
4 0 0 0 11 
5 3 0 0 12 
0 0 9 0 0 
14 0 0 0 0 
Incidence matrix:
A B C D F 
-4 -14 -5 0 0 0 0 
4 0 0 -3 0 0 11 
0 0 5 3 -9 12 0 
0 0 0 0 9 0 0 
0 14 0 0 0 -12 -11 
Adjacency list:
A B C D F 
A B 4 C 5 F 14 
B C 3 
C D 9 
D 
F B 11 C 12 
