Adjacency matrix:
A B C
0 0 0
5 0 0
3 6 0
Incidence matrix:
A B C
-5 -3 0
5 0 -6
0 3 6
Adjacency list:
A B C
A B 5 C 3
B C 6
C