Adjacency matrix:
Z B C 
0 0 0 
5 0 0 
3 6 0 
Incidence matrix:
Z B C 
-5 -3 0 
5 0 -6 
0 3 6 
Adjacency list:
Z B C 
Z B 5 C 3 
B C 6 
C 
