Adjacency matrix:
A B C 
0 0 0 
7 0 0 
7 6 0 
Incidence matrix:
A B C 
-7 -7 0 
7 0 -6 
0 7 6 
Adjacency list:
A B C 
A B 7 C 7 
B C 6 
C 
